2026-08-03 14:57:03 Cleaned ladder artifacts.
2026-08-03 14:57:03 Route A ladder watchdog - labels: equal_12, equal_24, equal_48, fine_low
2026-08-03 14:57:03 Watchdog attempt 1 - pending: equal_12, equal_24, equal_48, fine_low
2026-08-03 14:57:03 START equal_12 (workers=2)
2026-08-03 14:57:04   equal_12...
2026-08-03 14:57:04     cluster best pass workers=2
2026-08-03 15:39:49     cluster-best chunk a=[3374,6748)
2026-08-03 16:06:35     cluster-best chunk a=[0,3374)
2026-08-03 16:08:56     A=37.9196 D=62.4849 pick=A omega=54.2312
2026-08-03 16:08:56 {
2026-08-03 16:08:56   "mode": "full",
2026-08-03 16:08:56   "rows": [
2026-08-03 16:08:56     {
2026-08-03 16:08:56       "label": "equal_12",
2026-08-03 16:08:56       "strategy": "equal",
2026-08-03 16:08:56       "n_clusters": 11,
2026-08-03 16:08:56       "route_a_I_hi": "37.91955812524674097702040111940917993968",
2026-08-03 16:08:56       "route_d_I_hi": "62.48487303734750009397403522843881454152",
2026-08-03 16:08:56       "best_route": "A",
2026-08-03 16:08:56       "best_I_hi": "37.91955812524674097702040111940917993968",
2026-08-03 16:08:56       "omega_T_hi": 54.23121142428405,
2026-08-03 16:08:56       "closes_c0008": false,
2026-08-03 16:08:56       "runtime_s": 4311.76,
2026-08-03 16:08:56       "manifest_path": "experiments/terminal_weighted/route_a_manifest_equal_12.json"
2026-08-03 16:08:56     }
2026-08-03 16:08:56   ],
2026-08-03 16:08:56   "best": {
2026-08-03 16:08:56     "label": "equal_12",
2026-08-03 16:08:56     "strategy": "equal",
2026-08-03 16:08:56     "n_clusters": 11,
2026-08-03 16:08:56     "route_a_I_hi": "37.91955812524674097702040111940917993968",
2026-08-03 16:08:56     "route_d_I_hi": "62.48487303734750009397403522843881454152",
2026-08-03 16:08:56     "best_route": "A",
2026-08-03 16:08:56     "best_I_hi": "37.91955812524674097702040111940917993968",
2026-08-03 16:08:56     "omega_T_hi": 54.23121142428405,
2026-08-03 16:08:56     "closes_c0008": false,
2026-08-03 16:08:56     "runtime_s": 4311.76,
2026-08-03 16:08:56     "manifest_path": "experiments/terminal_weighted/route_a_manifest_equal_12.json"
2026-08-03 16:08:56   },
2026-08-03 16:08:56   "best_manifest": "experiments/terminal_weighted/shell_manifest_route_a_best_full.json",
2026-08-03 16:08:56   "I_star_lo": "1.299312755657915943535353700029000225351",
2026-08-03 16:08:56   "M_target": 41.283999509509286,
2026-08-03 16:08:56   "complete": false
2026-08-03 16:08:56 }
2026-08-03 16:08:59 START equal_24 (workers=2)
2026-08-03 16:09:10   resume: 1 configs already done
2026-08-03 16:09:10   equal_24...
2026-08-03 16:09:10     cluster best pass workers=2
2026-08-03 16:51:41     cluster-best chunk a=[3374,6748)
2026-08-03 17:21:22     cluster-best chunk a=[0,3374)
2026-08-03 17:24:16     A=63.8527 D=65.5776 pick=A omega=63.4000
2026-08-03 17:24:16 {
2026-08-03 17:24:16   "mode": "full",
2026-08-03 17:24:16   "rows": [
2026-08-03 17:24:16     {
2026-08-03 17:24:16       "label": "equal_12",
2026-08-03 17:24:16       "strategy": "equal",
2026-08-03 17:24:16       "n_clusters": 11,
2026-08-03 17:24:16       "route_a_I_hi": "37.91955812524674097702040111940917993968",
2026-08-03 17:24:16       "route_d_I_hi": "62.48487303734750009397403522843881454152",
2026-08-03 17:24:16       "best_route": "A",
2026-08-03 17:24:16       "best_I_hi": "37.91955812524674097702040111940917993968",
2026-08-03 17:24:16       "omega_T_hi": 54.23121142428405,
2026-08-03 17:24:16       "closes_c0008": false,
2026-08-03 17:24:16       "runtime_s": 4311.76,
2026-08-03 17:24:16       "manifest_path": "experiments/terminal_weighted/route_a_manifest_equal_12.json"
2026-08-03 17:24:16     },
2026-08-03 17:24:16     {
2026-08-03 17:24:16       "label": "equal_24",
2026-08-03 17:24:16       "strategy": "equal",
2026-08-03 17:24:16       "n_clusters": 22,
2026-08-03 17:24:16       "route_a_I_hi": "63.8527408703192652078501601220893073634",
2026-08-03 17:24:16       "route_d_I_hi": "65.57757518497120567463870579585867205347",
2026-08-03 17:24:16       "best_route": "A",
2026-08-03 17:24:16       "best_I_hi": "63.8527408703192652078501601220893073634",
2026-08-03 17:24:16       "omega_T_hi": 63.39997611267942,
2026-08-03 17:24:16       "closes_c0008": false,
2026-08-03 17:24:16       "runtime_s": 4505.77,
2026-08-03 17:24:16       "manifest_path": "experiments/terminal_weighted/route_a_manifest_equal_24.json"
2026-08-03 17:24:16     }
2026-08-03 17:24:16   ],
2026-08-03 17:24:16   "best": {
2026-08-03 17:24:16     "label": "equal_12",
2026-08-03 17:24:16     "strategy": "equal",
2026-08-03 17:24:16     "n_clusters": 11,
2026-08-03 17:24:16     "route_a_I_hi": "37.91955812524674097702040111940917993968",
2026-08-03 17:24:16     "route_d_I_hi": "62.48487303734750009397403522843881454152",
2026-08-03 17:24:16     "best_route": "A",
2026-08-03 17:24:16     "best_I_hi": "37.91955812524674097702040111940917993968",
2026-08-03 17:24:16     "omega_T_hi": 54.23121142428405,
2026-08-03 17:24:16     "closes_c0008": false,
2026-08-03 17:24:16     "runtime_s": 4311.76,
2026-08-03 17:24:16     "manifest_path": "experiments/terminal_weighted/route_a_manifest_equal_12.json"
2026-08-03 17:24:16   },
2026-08-03 17:24:16   "best_manifest": "experiments/terminal_weighted/shell_manifest_route_a_best_full.json",
2026-08-03 17:24:16   "I_star_lo": "1.299312755657915943535353700029000225351",
2026-08-03 17:24:16   "M_target": 41.283999509509286,
2026-08-03 17:24:16   "complete": false
2026-08-03 17:24:16 }
2026-08-03 17:24:19 START equal_48 (workers=2)
2026-08-03 17:24:20   resume: 2 configs already done
2026-08-03 17:24:20   equal_48...
2026-08-03 17:24:20     cluster best pass workers=2
2026-08-03 18:04:42     cluster-best chunk a=[3374,6748)
2026-08-03 18:33:11     cluster-best chunk a=[0,3374)
2026-08-03 18:36:06     A=103.8654 D=70.4960 pick=D omega=65.7487
2026-08-03 18:36:06 {
2026-08-03 18:36:06   "mode": "full",
2026-08-03 18:36:06   "rows": [
2026-08-03 18:36:06     {
2026-08-03 18:36:06       "label": "equal_12",
2026-08-03 18:36:06       "strategy": "equal",
2026-08-03 18:36:06       "n_clusters": 11,
2026-08-03 18:36:06       "route_a_I_hi": "37.91955812524674097702040111940917993968",
2026-08-03 18:36:06       "route_d_I_hi": "62.48487303734750009397403522843881454152",
2026-08-03 18:36:06       "best_route": "A",
2026-08-03 18:36:06       "best_I_hi": "37.91955812524674097702040111940917993968",
2026-08-03 18:36:06       "omega_T_hi": 54.23121142428405,
2026-08-03 18:36:06       "closes_c0008": false,
2026-08-03 18:36:06       "runtime_s": 4311.76,
2026-08-03 18:36:06       "manifest_path": "experiments/terminal_weighted/route_a_manifest_equal_12.json"
2026-08-03 18:36:06     },
2026-08-03 18:36:06     {
2026-08-03 18:36:06       "label": "equal_24",
2026-08-03 18:36:06       "strategy": "equal",
2026-08-03 18:36:06       "n_clusters": 22,
2026-08-03 18:36:06       "route_a_I_hi": "63.8527408703192652078501601220893073634",
2026-08-03 18:36:06       "route_d_I_hi": "65.57757518497120567463870579585867205347",
2026-08-03 18:36:06       "best_route": "A",
2026-08-03 18:36:06       "best_I_hi": "63.8527408703192652078501601220893073634",
2026-08-03 18:36:06       "omega_T_hi": 63.39997611267942,
2026-08-03 18:36:06       "closes_c0008": false,
2026-08-03 18:36:06       "runtime_s": 4505.77,
2026-08-03 18:36:06       "manifest_path": "experiments/terminal_weighted/route_a_manifest_equal_24.json"
2026-08-03 18:36:06     },
2026-08-03 18:36:06     {
2026-08-03 18:36:06       "label": "equal_48",
2026-08-03 18:36:06       "strategy": "equal",
2026-08-03 18:36:06       "n_clusters": 44,
2026-08-03 18:36:06       "route_a_I_hi": "103.8653989334916782514947909236031343041",
2026-08-03 18:36:06       "route_d_I_hi": "70.49600996203482351279161794561521079287",
2026-08-03 18:36:06       "best_route": "D",
2026-08-03 18:36:06       "best_I_hi": "70.49600996203482351279161794561521079287",
2026-08-03 18:36:06       "omega_T_hi": 65.74872642467895,
2026-08-03 18:36:06       "closes_c0008": false,
2026-08-03 18:36:06       "runtime_s": 4306.37,
2026-08-03 18:36:06       "manifest_path": "experiments/terminal_weighted/route_a_manifest_equal_48.json"
2026-08-03 18:36:06     }
2026-08-03 18:36:06   ],
2026-08-03 18:36:06   "best": {
2026-08-03 18:36:06     "label": "equal_12",
2026-08-03 18:36:06     "strategy": "equal",
2026-08-03 18:36:06     "n_clusters": 11,
2026-08-03 18:36:06     "route_a_I_hi": "37.91955812524674097702040111940917993968",
2026-08-03 18:36:06     "route_d_I_hi": "62.48487303734750009397403522843881454152",
2026-08-03 18:36:06     "best_route": "A",
2026-08-03 18:36:06     "best_I_hi": "37.91955812524674097702040111940917993968",
2026-08-03 18:36:06     "omega_T_hi": 54.23121142428405,
2026-08-03 18:36:06     "closes_c0008": false,
2026-08-03 18:36:06     "runtime_s": 4311.76,
2026-08-03 18:36:06     "manifest_path": "experiments/terminal_weighted/route_a_manifest_equal_12.json"
2026-08-03 18:36:06   },
2026-08-03 18:36:06   "best_manifest": "experiments/terminal_weighted/shell_manifest_route_a_best_full.json",
2026-08-03 18:36:06   "I_star_lo": "1.299312755657915943535353700029000225351",
2026-08-03 18:36:06   "M_target": 41.283999509509286,
2026-08-03 18:36:06   "complete": false
2026-08-03 18:36:06 }
2026-08-03 18:36:09 START fine_low (workers=2)
2026-08-03 18:36:10   resume: 3 configs already done
2026-08-03 18:36:10   fine_low...
2026-08-03 18:36:10     cluster best pass workers=2
2026-08-03 19:13:26     cluster-best chunk a=[3374,6748)
2026-08-03 19:55:09     cluster-best chunk a=[0,3374)
2026-08-03 20:01:27     A=40.1318 D=62.2744 pick=A omega=55.0134
2026-08-03 20:01:27 {
2026-08-03 20:01:27   "mode": "full",
2026-08-03 20:01:27   "rows": [
2026-08-03 20:01:27     {
2026-08-03 20:01:27       "label": "equal_12",
2026-08-03 20:01:27       "strategy": "equal",
2026-08-03 20:01:27       "n_clusters": 11,
2026-08-03 20:01:27       "route_a_I_hi": "37.91955812524674097702040111940917993968",
2026-08-03 20:01:27       "route_d_I_hi": "62.48487303734750009397403522843881454152",
2026-08-03 20:01:27       "best_route": "A",
2026-08-03 20:01:27       "best_I_hi": "37.91955812524674097702040111940917993968",
2026-08-03 20:01:27       "omega_T_hi": 54.23121142428405,
2026-08-03 20:01:27       "closes_c0008": false,
2026-08-03 20:01:27       "runtime_s": 4311.76,
2026-08-03 20:01:27       "manifest_path": "experiments/terminal_weighted/route_a_manifest_equal_12.json"
2026-08-03 20:01:27     },
2026-08-03 20:01:27     {
2026-08-03 20:01:27       "label": "equal_24",
2026-08-03 20:01:27       "strategy": "equal",
2026-08-03 20:01:27       "n_clusters": 22,
2026-08-03 20:01:27       "route_a_I_hi": "63.8527408703192652078501601220893073634",
2026-08-03 20:01:27       "route_d_I_hi": "65.57757518497120567463870579585867205347",
2026-08-03 20:01:27       "best_route": "A",
2026-08-03 20:01:27       "best_I_hi": "63.8527408703192652078501601220893073634",
2026-08-03 20:01:27       "omega_T_hi": 63.39997611267942,
2026-08-03 20:01:27       "closes_c0008": false,
2026-08-03 20:01:27       "runtime_s": 4505.77,
2026-08-03 20:01:27       "manifest_path": "experiments/terminal_weighted/route_a_manifest_equal_24.json"
2026-08-03 20:01:27     },
2026-08-03 20:01:27     {
2026-08-03 20:01:27       "label": "equal_48",
2026-08-03 20:01:27       "strategy": "equal",
2026-08-03 20:01:27       "n_clusters": 44,
2026-08-03 20:01:27       "route_a_I_hi": "103.8653989334916782514947909236031343041",
2026-08-03 20:01:27       "route_d_I_hi": "70.49600996203482351279161794561521079287",
2026-08-03 20:01:27       "best_route": "D",
2026-08-03 20:01:27       "best_I_hi": "70.49600996203482351279161794561521079287",
2026-08-03 20:01:27       "omega_T_hi": 65.74872642467895,
2026-08-03 20:01:27       "closes_c0008": false,
2026-08-03 20:01:27       "runtime_s": 4306.37,
2026-08-03 20:01:27       "manifest_path": "experiments/terminal_weighted/route_a_manifest_equal_48.json"
2026-08-03 20:01:27     },
2026-08-03 20:01:27     {
2026-08-03 20:01:27       "label": "fine_low",
2026-08-03 20:01:27       "strategy": "fine_low",
2026-08-03 20:01:27       "n_clusters": 19,
2026-08-03 20:01:27       "route_a_I_hi": "40.13184169851716505183362166119122015748",
2026-08-03 20:01:27       "route_d_I_hi": "62.27444601751300632009922456539010737141",
2026-08-03 20:01:27       "best_route": "A",
2026-08-03 20:01:27       "best_I_hi": "40.13184169851716505183362166119122015748",
2026-08-03 20:01:27       "omega_T_hi": 55.01337178256761,
2026-08-03 20:01:27       "closes_c0008": false,
2026-08-03 20:01:27       "runtime_s": 5116.58,
2026-08-03 20:01:27       "manifest_path": "experiments/terminal_weighted/route_a_manifest_fine_low.json"
2026-08-03 20:01:27     }
2026-08-03 20:01:27   ],
2026-08-03 20:01:27   "best": {
2026-08-03 20:01:27     "label": "equal_12",
2026-08-03 20:01:27     "strategy": "equal",
2026-08-03 20:01:27     "n_clusters": 11,
2026-08-03 20:01:27     "route_a_I_hi": "37.91955812524674097702040111940917993968",
2026-08-03 20:01:27     "route_d_I_hi": "62.48487303734750009397403522843881454152",
2026-08-03 20:01:27     "best_route": "A",
2026-08-03 20:01:27     "best_I_hi": "37.91955812524674097702040111940917993968",
2026-08-03 20:01:27     "omega_T_hi": 54.23121142428405,
2026-08-03 20:01:27     "closes_c0008": false,
2026-08-03 20:01:27     "runtime_s": 4311.76,
2026-08-03 20:01:27     "manifest_path": "experiments/terminal_weighted/route_a_manifest_equal_12.json"
2026-08-03 20:01:27   },
2026-08-03 20:01:27   "best_manifest": "experiments/terminal_weighted/shell_manifest_route_a_best_full.json",
2026-08-03 20:01:27   "I_star_lo": "1.299312755657915943535353700029000225351",
2026-08-03 20:01:27   "M_target": 41.283999509509286,
2026-08-03 20:01:27   "complete": true
2026-08-03 20:01:27 }
2026-08-03 20:01:30 Watchdog attempt 2 - pending: equal_12, equal_24, equal_48, fine_low
2026-08-03 20:01:30 START equal_12 (workers=2)
2026-08-03 20:01:32   equal_12...
2026-08-03 20:01:32     cluster best pass workers=2
2026-08-03 20:56:25     cluster-best chunk a=[3374,6748)
2026-08-03 21:35:05     cluster-best chunk a=[0,3374)
2026-08-03 21:38:42     A=37.9196 D=62.4849 pick=A omega=54.2312
2026-08-03 21:38:42 {
2026-08-03 21:38:42   "mode": "full",
2026-08-03 21:38:42   "rows": [
2026-08-03 21:38:42     {
2026-08-03 21:38:42       "label": "equal_12",
2026-08-03 21:38:42       "strategy": "equal",
2026-08-03 21:38:42       "n_clusters": 11,
2026-08-03 21:38:42       "route_a_I_hi": "37.91955812524674097702040111940917993968",
2026-08-03 21:38:42       "route_d_I_hi": "62.48487303734750009397403522843881454152",
2026-08-03 21:38:42       "best_route": "A",
2026-08-03 21:38:42       "best_I_hi": "37.91955812524674097702040111940917993968",
2026-08-03 21:38:42       "omega_T_hi": 54.23121142428405,
2026-08-03 21:38:42       "closes_c0008": false,
2026-08-03 21:38:42       "runtime_s": 5829.44,
2026-08-03 21:38:42       "manifest_path": "experiments/terminal_weighted/route_a_manifest_equal_12.json"
2026-08-03 21:38:42     }
2026-08-03 21:38:42   ],
2026-08-03 21:38:42   "best": {
2026-08-03 21:38:42     "label": "equal_12",
2026-08-03 21:38:42     "strategy": "equal",
2026-08-03 21:38:42     "n_clusters": 11,
2026-08-03 21:38:42     "route_a_I_hi": "37.91955812524674097702040111940917993968",
2026-08-03 21:38:42     "route_d_I_hi": "62.48487303734750009397403522843881454152",
2026-08-03 21:38:42     "best_route": "A",
2026-08-03 21:38:42     "best_I_hi": "37.91955812524674097702040111940917993968",
2026-08-03 21:38:42     "omega_T_hi": 54.23121142428405,
2026-08-03 21:38:42     "closes_c0008": false,
2026-08-03 21:38:42     "runtime_s": 5829.44,
2026-08-03 21:38:42     "manifest_path": "experiments/terminal_weighted/route_a_manifest_equal_12.json"
2026-08-03 21:38:42   },
2026-08-03 21:38:42   "best_manifest": "experiments/terminal_weighted/shell_manifest_route_a_best_full.json",
2026-08-03 21:38:42   "I_star_lo": "1.299312755657915943535353700029000225351",
2026-08-03 21:38:42   "M_target": 41.283999509509286,
2026-08-03 21:38:42   "complete": false
2026-08-03 21:38:42 }
2026-08-03 21:38:45 START equal_24 (workers=2)
2026-08-03 21:38:46   resume: 1 configs already done
2026-08-03 21:38:46   equal_24...
2026-08-03 21:38:46     cluster best pass workers=2
2026-08-03 22:22:12     cluster-best chunk a=[3374,6748)
